<?xml version="1.0" encoding="utf-8"?><testsuites><testsuite name="pytest" errors="0" failures="0" skipped="0" tests="4" time="32.596" timestamp="2023-07-20T23:42:17.646748" hostname="Air-de-Felipe.home"><testcase classname="tests.model.test_model.TestModel" name="test_model_fit" time="8.760" /><testcase classname="tests.model.test_model.TestModel" name="test_model_predict" time="8.719" /><testcase classname="tests.model.test_model.TestModel" name="test_model_preprocess_for_serving" time="6.986" /><testcase classname="tests.model.test_model.TestModel" name="test_model_preprocess_for_training" time="6.991" /></testsuite></testsuites>